// Jest Snapshot v1, https://goo.gl/fbAQLP

exports[`SendTo Component should match snapshot 1`] = `
<View
  style={
    [
      {
        "backgroundColor": "#FFFFFF",
        "borderColor": "#E7EAEE",
        "borderRadius": 14,
        "borderWidth": 1,
        "padding": 16,
      },
      undefined,
    ]
  }
>
  <Text
    style={
      [
        {
          "fontSize": 14,
          "lineHeight": 16,
        },
        {
          "color": "#A2A2A7",
          "fontFamily": "Poppins-Regular",
        },
        {
          "color": "#1E1E2D",
        },
      ]
    }
  >
    Send to
  </Text>
  <View
    style={
      {
        "flexDirection": "row",
        "marginBottom": 8,
        "marginTop": 12,
        "overflow": "hidden",
      }
    }
  >
    <View
      accessibilityState={
        {
          "busy": undefined,
          "checked": undefined,
          "disabled": undefined,
          "expanded": undefined,
          "selected": undefined,
        }
      }
      accessibilityValue={
        {
          "max": undefined,
          "min": undefined,
          "now": undefined,
          "text": undefined,
        }
      }
      accessible={true}
      collapsable={false}
      focusable={true}
      onClick={[Function]}
      onResponderGrant={[Function]}
      onResponderMove={[Function]}
      onResponderRelease={[Function]}
      onResponderTerminate={[Function]}
      onResponderTerminationRequest={[Function]}
      onStartShouldSetResponder={[Function]}
      style={
        {
          "alignItems": "center",
          "marginRight": 24,
          "opacity": 1,
        }
      }
    >
      <View
        style={
          {
            "alignItems": "center",
            "borderColor": "#0066FF",
            "borderRadius": 24,
            "borderWidth": 1,
            "height": 48,
            "justifyContent": "center",
            "width": 48,
          }
        }
      >
        <RNSVGSvgView
          align="xMidYMid"
          bbHeight={16}
          bbWidth={16}
          fill="none"
          focusable={false}
          height={16}
          meetOrSlice={0}
          minX={0}
          minY={0}
          style={
            [
              {
                "backgroundColor": "transparent",
                "borderWidth": 0,
              },
              {
                "flex": 0,
                "height": 16,
                "width": 16,
              },
            ]
          }
          vbHeight={16}
          vbWidth={16}
          width={16}
        >
          <RNSVGGroup
            fill={null}
            propList={
              [
                "fill",
              ]
            }
          >
            <RNSVGPath
              d="M8 2v12M2 8h12"
              fill={
                {
                  "payload": 4278190080,
                  "type": 0,
                }
              }
              propList={
                [
                  "stroke",
                  "strokeWidth",
                  "strokeLinecap",
                ]
              }
              stroke={
                {
                  "payload": 4278216447,
                  "type": 0,
                }
              }
              strokeLinecap={1}
              strokeWidth={1.6}
            />
          </RNSVGGroup>
        </RNSVGSvgView>
      </View>
      <Text
        style={
          [
            {
              "fontSize": 12,
              "lineHeight": 18,
            },
            {
              "color": "#A2A2A7",
              "fontFamily": "Poppins-Regular",
            },
            {
              "color": "#1E1E2D",
              "fontSize": 11,
              "lineHeight": 15,
              "marginTop": 4,
            },
          ]
        }
      >
        Add
      </Text>
    </View>
    <View
      collapsable={false}
      onLayout={[Function]}
      style={
        {
          "flex": undefined,
          "overflow": "hidden",
        }
      }
    >
      <RCTScrollView
        collapsable={false}
        contentContainerStyle={
          {
            "paddingRight": 8,
          }
        }
        horizontal={true}
        keyExtractor={[Function]}
        onEndReached={
          [MockFunction] {
            "calls": [
              [],
            ],
            "results": [
              {
                "type": "return",
                "value": undefined,
              },
            ],
          }
        }
        onEndReachedThreshold={0.3}
        onScroll={[Function]}
        scrollEventThrottle={0.0001}
        showsHorizontalScrollIndicator={false}
      >
        <View>
          <View
            style={
              {
                "height": undefined,
                "width": 0,
              }
            }
          />
          <View
            style={
              {
                "height": 0,
                "marginLeft": 0,
                "marginTop": undefined,
                "opacity": 1,
                "width": 0,
              }
            }
          >
            <View
              index={0}
              onLayout={[Function]}
              style={
                {
                  "flexDirection": "row",
                  "height": undefined,
                  "left": 0,
                  "maxHeight": undefined,
                  "maxWidth": undefined,
                  "minHeight": undefined,
                  "minWidth": undefined,
                  "position": "absolute",
                  "top": 0,
                  "width": undefined,
                }
              }
            >
              <View
                accessibilityState={
                  {
                    "busy": undefined,
                    "checked": undefined,
                    "disabled": undefined,
                    "expanded": undefined,
                    "selected": undefined,
                  }
                }
                accessibilityValue={
                  {
                    "max": undefined,
                    "min": undefined,
                    "now": undefined,
                    "text": undefined,
                  }
                }
                accessible={true}
                collapsable={false}
                focusable={true}
                onClick={[Function]}
                onResponderGrant={[Function]}
                onResponderMove={[Function]}
                onResponderRelease={[Function]}
                onResponderTerminate={[Function]}
                onResponderTerminationRequest={[Function]}
                onStartShouldSetResponder={[Function]}
                style={
                  {
                    "alignItems": "center",
                    "marginRight": 20,
                    "opacity": 1,
                  }
                }
              >
                <ViewManagerAdapter_ExpoImage
                  borderColor={0}
                  borderRadius={24}
                  borderWidth={1}
                  containerViewRef={"[React.ref]"}
                  contentFit="cover"
                  contentPosition={
                    {
                      "left": "50%",
                      "top": "50%",
                    }
                  }
                  height={48}
                  nativeViewRef={"[React.ref]"}
                  onError={[Function]}
                  onLoad={[Function]}
                  onLoadStart={[Function]}
                  onProgress={[Function]}
                  placeholder={[]}
                  source={
                    [
                      {
                        "uri": "https://example.com/avatar1.jpg",
                      },
                    ]
                  }
                  style={
                    {
                      "borderColor": "transparent",
                      "borderRadius": 24,
                      "borderWidth": 1,
                      "height": 48,
                      "width": 48,
                    }
                  }
                  transition={null}
                  width={48}
                />
                <Text
                  style={
                    [
                      {
                        "fontSize": 14,
                        "lineHeight": 16,
                      },
                      {
                        "color": "#A2A2A7",
                        "fontFamily": "Poppins-Regular",
                      },
                      {
                        "color": "#1E1E2D",
                        "fontSize": 11,
                        "lineHeight": 15,
                        "marginTop": 4,
                      },
                    ]
                  }
                >
                  John Doe
                </Text>
              </View>
            </View>
            <View
              index={1}
              onLayout={[Function]}
              style={
                {
                  "flexDirection": "row",
                  "height": undefined,
                  "left": 0,
                  "maxHeight": undefined,
                  "maxWidth": undefined,
                  "minHeight": undefined,
                  "minWidth": undefined,
                  "position": "absolute",
                  "top": 0,
                  "width": undefined,
                }
              }
            >
              <View
                accessibilityState={
                  {
                    "busy": undefined,
                    "checked": undefined,
                    "disabled": undefined,
                    "expanded": undefined,
                    "selected": undefined,
                  }
                }
                accessibilityValue={
                  {
                    "max": undefined,
                    "min": undefined,
                    "now": undefined,
                    "text": undefined,
                  }
                }
                accessible={true}
                collapsable={false}
                focusable={true}
                onClick={[Function]}
                onResponderGrant={[Function]}
                onResponderMove={[Function]}
                onResponderRelease={[Function]}
                onResponderTerminate={[Function]}
                onResponderTerminationRequest={[Function]}
                onStartShouldSetResponder={[Function]}
                style={
                  {
                    "alignItems": "center",
                    "marginRight": 20,
                    "opacity": 1,
                  }
                }
              >
                <ViewManagerAdapter_ExpoImage
                  borderColor={0}
                  borderRadius={24}
                  borderWidth={1}
                  containerViewRef={"[React.ref]"}
                  contentFit="cover"
                  contentPosition={
                    {
                      "left": "50%",
                      "top": "50%",
                    }
                  }
                  height={48}
                  nativeViewRef={"[React.ref]"}
                  onError={[Function]}
                  onLoad={[Function]}
                  onLoadStart={[Function]}
                  onProgress={[Function]}
                  placeholder={[]}
                  source={
                    [
                      {
                        "uri": "https://example.com/avatar2.jpg",
                      },
                    ]
                  }
                  style={
                    {
                      "borderColor": "transparent",
                      "borderRadius": 24,
                      "borderWidth": 1,
                      "height": 48,
                      "width": 48,
                    }
                  }
                  transition={null}
                  width={48}
                />
                <Text
                  style={
                    [
                      {
                        "fontSize": 14,
                        "lineHeight": 16,
                      },
                      {
                        "color": "#A2A2A7",
                        "fontFamily": "Poppins-Regular",
                      },
                      {
                        "color": "#1E1E2D",
                        "fontSize": 11,
                        "lineHeight": 15,
                        "marginTop": 4,
                      },
                    ]
                  }
                >
                  Jane Smith
                </Text>
              </View>
            </View>
          </View>
        </View>
      </RCTScrollView>
    </View>
  </View>
</View>
`;
