// Jest Snapshot v1, https://goo.gl/fbAQLP

exports[`AddRecipientModal Component should match snapshot 1`] = `
<Modal
  animationType="slide"
  onRequestClose={[Function]}
  transparent={true}
  visible={true}
>
  <View
    accessibilityState={
      {
        "busy": undefined,
        "checked": undefined,
        "disabled": undefined,
        "expanded": undefined,
        "selected": undefined,
      }
    }
    accessibilityValue={
      {
        "max": undefined,
        "min": undefined,
        "now": undefined,
        "text": undefined,
      }
    }
    accessible={true}
    collapsable={false}
    focusable={true}
    onClick={[Function]}
    onResponderGrant={[Function]}
    onResponderMove={[Function]}
    onResponderRelease={[Function]}
    onResponderTerminate={[Function]}
    onResponderTerminationRequest={[Function]}
    onStartShouldSetResponder={[Function]}
    style={
      {
        "backgroundColor": "rgba(0, 0, 0, 0.3)",
        "flex": 1,
        "justifyContent": "flex-end",
        "opacity": 1,
      }
    }
  >
    <View
      accessibilityState={
        {
          "busy": undefined,
          "checked": undefined,
          "disabled": undefined,
          "expanded": undefined,
          "selected": undefined,
        }
      }
      accessibilityValue={
        {
          "max": undefined,
          "min": undefined,
          "now": undefined,
          "text": undefined,
        }
      }
      accessible={true}
      collapsable={false}
      focusable={true}
      onClick={[Function]}
      onResponderGrant={[Function]}
      onResponderMove={[Function]}
      onResponderRelease={[Function]}
      onResponderTerminate={[Function]}
      onResponderTerminationRequest={[Function]}
      onStartShouldSetResponder={[Function]}
      style={
        {
          "backgroundColor": "#FFFFFF",
          "borderTopLeftRadius": 28,
          "borderTopRightRadius": 28,
          "maxHeight": "90%",
          "opacity": 1,
          "paddingBottom": 40,
        }
      }
    >
      <RCTScrollView
        automaticallyAdjustContentInsets={false}
        contentInset={
          {
            "bottom": 0,
          }
        }
        enableAutomaticScroll={true}
        enableOnAndroid={true}
        enableResetScrollToCoords={true}
        extraHeight={75}
        extraScrollHeight={0}
        getScrollResponder={[Function]}
        handleOnScroll={[Function]}
        keyboardDismissMode="interactive"
        keyboardOpeningTime={250}
        keyboardShouldPersistTaps="handled"
        keyboardSpace={0}
        onScroll={[Function]}
        resetKeyboardSpace={[Function]}
        scrollEventThrottle={1}
        scrollForExtraHeightOnAndroid={[Function]}
        scrollIntoView={[Function]}
        scrollToEnd={[Function]}
        scrollToFocusedInput={[Function]}
        scrollToPosition={[Function]}
        showsVerticalScrollIndicator={false}
        update={[Function]}
        viewIsInsideTabBar={false}
      >
        <View>
          <View
            style={
              {
                "alignItems": "center",
                "flexDirection": "row",
                "justifyContent": "space-between",
                "paddingBottom": 16,
                "paddingHorizontal": 20,
                "paddingTop": 20,
              }
            }
          >
            <Text
              style={
                [
                  {
                    "fontSize": 18,
                    "lineHeight": 24,
                  },
                  {
                    "color": "#A2A2A7",
                    "fontFamily": "Poppins-Regular",
                  },
                  {
                    "color": "#1E1E2D",
                    "flex": 1,
                    "fontFamily": "Poppins-SemiBold",
                    "textAlign": "center",
                  },
                ]
              }
            >
              Add New Recipient
            </Text>
            <View
              accessibilityState={
                {
                  "busy": undefined,
                  "checked": undefined,
                  "disabled": undefined,
                  "expanded": undefined,
                  "selected": undefined,
                }
              }
              accessibilityValue={
                {
                  "max": undefined,
                  "min": undefined,
                  "now": undefined,
                  "text": undefined,
                }
              }
              accessible={true}
              collapsable={false}
              focusable={true}
              onClick={[Function]}
              onResponderGrant={[Function]}
              onResponderMove={[Function]}
              onResponderRelease={[Function]}
              onResponderTerminate={[Function]}
              onResponderTerminationRequest={[Function]}
              onStartShouldSetResponder={[Function]}
              style={
                {
                  "opacity": 1,
                  "padding": 4,
                }
              }
            >
              <RNSVGSvgView
                align="xMidYMid"
                bbHeight={12}
                bbWidth={12}
                fill="none"
                focusable={false}
                height={12}
                meetOrSlice={0}
                minX={0}
                minY={0}
                style={
                  [
                    {
                      "backgroundColor": "transparent",
                      "borderWidth": 0,
                    },
                    {
                      "flex": 0,
                      "height": 12,
                      "width": 12,
                    },
                  ]
                }
                vbHeight={12}
                vbWidth={12}
                width={12}
              >
                <RNSVGGroup
                  fill={null}
                  propList={
                    [
                      "fill",
                    ]
                  }
                >
                  <RNSVGPath
                    d="M0.292893 0.292893C0.683417 -0.0976311 1.31658 -0.0976311 1.70711 0.292893L6 4.58579L10.2929 0.292893C10.6834 -0.0976311 11.3166 -0.0976311 11.7071 0.292893C12.0976 0.683417 12.0976 1.31658 11.7071 1.70711L7.41421 6L11.7071 10.2929C12.0976 10.6834 12.0976 11.3166 11.7071 11.7071C11.3166 12.0976 10.6834 12.0976 10.2929 11.7071L6 7.41421L1.70711 11.7071C1.31658 12.0976 0.683417 12.0976 0.292893 11.7071C-0.0976311 11.3166 -0.0976311 10.6834 0.292893 10.2929L4.58579 6L0.292893 1.70711C-0.0976311 1.31658 -0.0976311 0.683417 0.292893 0.292893Z"
                    fill={
                      {
                        "payload": 4288848551,
                        "type": 0,
                      }
                    }
                    propList={
                      [
                        "fill",
                      ]
                    }
                  />
                </RNSVGGroup>
              </RNSVGSvgView>
            </View>
          </View>
          <View
            style={
              {
                "paddingHorizontal": 20,
                "paddingTop": 20,
              }
            }
          >
            <View
              style={
                [
                  {
                    "marginBottom": 20,
                    "minHeight": 95,
                  },
                  undefined,
                ]
              }
            >
              <Text
                id="form-label"
                style={
                  [
                    {
                      "color": "#A2A2A7",
                      "fontFamily": "Poppins-Regular",
                      "fontSize": 14,
                      "fontWeight": 400,
                      "marginBottom": 5,
                    },
                    undefined,
                  ]
                }
              >
                Card Number
              </Text>
              <View
                style={
                  [
                    {
                      "alignItems": "center",
                      "borderBottomWidth": 1.5,
                      "borderColor": "#F4F4F4",
                      "flexDirection": "row",
                    },
                    undefined,
                    null,
                  ]
                }
              >
                <TextInput
                  accessibilityLabel="Enter your Card Number"
                  editable={true}
                  keyboardType="numeric"
                  maxLength={16}
                  name="cardNumber"
                  onBlur={[Function]}
                  onChangeText={[Function]}
                  returnKeyType="done"
                  style={
                    [
                      {
                        "color": "#1C1C1E",
                        "flex": 1,
                        "fontFamily": "Poppins-Regular",
                        "fontSize": 14,
                        "fontWeight": 400,
                        "paddingVertical": 10,
                      },
                      undefined,
                    ]
                  }
                  value=""
                />
              </View>
            </View>
            <View
              style={
                [
                  {
                    "marginBottom": 20,
                    "minHeight": 95,
                  },
                  undefined,
                ]
              }
            >
              <Text
                id="form-label"
                style={
                  [
                    {
                      "color": "#A2A2A7",
                      "fontFamily": "Poppins-Regular",
                      "fontSize": 14,
                      "fontWeight": 400,
                      "marginBottom": 5,
                    },
                    undefined,
                  ]
                }
              >
                Full Name
              </Text>
              <View
                style={
                  [
                    {
                      "alignItems": "center",
                      "borderBottomWidth": 1.5,
                      "borderColor": "#F4F4F4",
                      "flexDirection": "row",
                    },
                    undefined,
                    null,
                  ]
                }
              >
                <TextInput
                  accessibilityLabel="Enter your Full Name"
                  editable={false}
                  name="fullName"
                  onBlur={[Function]}
                  onChangeText={[Function]}
                  style={
                    [
                      {
                        "color": "#1C1C1E",
                        "flex": 1,
                        "fontFamily": "Poppins-Regular",
                        "fontSize": 14,
                        "fontWeight": 400,
                        "paddingVertical": 10,
                      },
                      undefined,
                    ]
                  }
                  value=""
                />
              </View>
            </View>
            <View
              style={
                [
                  {
                    "marginBottom": 20,
                    "minHeight": 95,
                  },
                  undefined,
                ]
              }
            >
              <Text
                id="form-label"
                style={
                  [
                    {
                      "color": "#A2A2A7",
                      "fontFamily": "Poppins-Regular",
                      "fontSize": 14,
                      "fontWeight": 400,
                      "marginBottom": 5,
                    },
                    undefined,
                  ]
                }
              >
                Nickname (optional)
              </Text>
              <View
                style={
                  [
                    {
                      "alignItems": "center",
                      "borderBottomWidth": 1.5,
                      "borderColor": "#F4F4F4",
                      "flexDirection": "row",
                    },
                    undefined,
                    null,
                  ]
                }
              >
                <TextInput
                  accessibilityLabel="Enter your Nickname (optional)"
                  editable={true}
                  name="nickName"
                  onBlur={[Function]}
                  onChangeText={[Function]}
                  returnKeyType="done"
                  style={
                    [
                      {
                        "color": "#1C1C1E",
                        "flex": 1,
                        "fontFamily": "Poppins-Regular",
                        "fontSize": 14,
                        "fontWeight": 400,
                        "paddingVertical": 10,
                      },
                      undefined,
                    ]
                  }
                  value=""
                />
              </View>
            </View>
          </View>
          <View
            style={
              {
                "flexDirection": "row",
                "gap": 16,
                "paddingHorizontal": 20,
                "paddingTop": 16,
              }
            }
          >
            <View
              accessibilityHint=""
              accessibilityLabel="Cancel"
              accessibilityRole="button"
              accessibilityState={
                {
                  "busy": false,
                  "checked": undefined,
                  "disabled": false,
                  "expanded": undefined,
                  "selected": undefined,
                }
              }
              accessibilityValue={
                {
                  "max": undefined,
                  "min": undefined,
                  "now": undefined,
                  "text": undefined,
                }
              }
              accessible={true}
              collapsable={false}
              focusable={true}
              onClick={[Function]}
              onResponderGrant={[Function]}
              onResponderMove={[Function]}
              onResponderRelease={[Function]}
              onResponderTerminate={[Function]}
              onResponderTerminationRequest={[Function]}
              onStartShouldSetResponder={[Function]}
              style={
                {
                  "alignItems": "center",
                  "backgroundColor": "transparent",
                  "borderColor": "#E7EAEE",
                  "borderRadius": 16,
                  "borderWidth": 1,
                  "display": "flex",
                  "flex": 1,
                  "flexDirection": "row",
                  "gap": 8,
                  "justifyContent": "center",
                  "opacity": 1,
                  "padding": 16,
                }
              }
            >
              <Text
                style={
                  [
                    {
                      "fontFamily": "Poppins-SemiBold",
                      "fontWeight": 600,
                    },
                    {
                      "color": "#FFFFFF",
                    },
                    {
                      "fontSize": 16,
                      "lineHeight": 24,
                    },
                    {
                      "color": "#1E1E2D",
                    },
                  ]
                }
              >
                Cancel
              </Text>
            </View>
            <View
              accessibilityHint=""
              accessibilityLabel="Add Recipient"
              accessibilityRole="button"
              accessibilityState={
                {
                  "busy": false,
                  "checked": undefined,
                  "disabled": true,
                  "expanded": undefined,
                  "selected": undefined,
                }
              }
              accessibilityValue={
                {
                  "max": undefined,
                  "min": undefined,
                  "now": undefined,
                  "text": undefined,
                }
              }
              accessible={true}
              collapsable={false}
              focusable={false}
              onClick={[Function]}
              onResponderGrant={[Function]}
              onResponderMove={[Function]}
              onResponderRelease={[Function]}
              onResponderTerminate={[Function]}
              onResponderTerminationRequest={[Function]}
              onStartShouldSetResponder={[Function]}
              style={
                {
                  "alignItems": "center",
                  "backgroundColor": "#0066FF",
                  "borderRadius": 16,
                  "display": "flex",
                  "flex": 1,
                  "flexDirection": "row",
                  "gap": 8,
                  "justifyContent": "center",
                  "opacity": 0.4,
                  "padding": 16,
                }
              }
            >
              <Text
                style={
                  [
                    {
                      "fontFamily": "Poppins-SemiBold",
                      "fontWeight": 600,
                    },
                    {
                      "color": "#FFFFFF",
                    },
                    {
                      "fontSize": 16,
                      "lineHeight": 24,
                    },
                    undefined,
                  ]
                }
              >
                Add Recipient
              </Text>
            </View>
          </View>
        </View>
      </RCTScrollView>
    </View>
  </View>
</Modal>
`;
