// Jest Snapshot v1, https://goo.gl/fbAQLP

exports[`QuickActionGroup Component should match snapshot 1`] = `
<View
  style={
    {
      "flexDirection": "row",
      "justifyContent": "space-between",
    }
  }
>
  <View
    accessibilityState={
      {
        "busy": undefined,
        "checked": undefined,
        "disabled": undefined,
        "expanded": undefined,
        "selected": undefined,
      }
    }
    accessibilityValue={
      {
        "max": undefined,
        "min": undefined,
        "now": undefined,
        "text": undefined,
      }
    }
    accessible={true}
    collapsable={false}
    focusable={true}
    onClick={[Function]}
    onResponderGrant={[Function]}
    onResponderMove={[Function]}
    onResponderRelease={[Function]}
    onResponderTerminate={[Function]}
    onResponderTerminationRequest={[Function]}
    onStartShouldSetResponder={[Function]}
    style={
      {
        "alignItems": "center",
        "opacity": 1,
      }
    }
  >
    <View
      style={
        {
          "alignItems": "center",
          "backgroundColor": "#F4F4F4",
          "borderRadius": 27,
          "height": 54,
          "justifyContent": "center",
          "width": 54,
        }
      }
    >
      <RNSVGSvgView
        align="xMidYMid"
        bbHeight={18}
        bbWidth={15}
        fill="none"
        focusable={false}
        height={18}
        meetOrSlice={0}
        minX={0}
        minY={0}
        style={
          [
            {
              "backgroundColor": "transparent",
              "borderWidth": 0,
            },
            {
              "flex": 0,
              "height": 18,
              "width": 15,
            },
          ]
        }
        vbHeight={18}
        vbWidth={15}
        width={15}
      >
        <RNSVGGroup
          fill={null}
          propList={
            [
              "fill",
            ]
          }
        >
          <RNSVGPath
            d="M7.23584 0.762939V17.0021"
            fill={
              {
                "payload": 4278190080,
                "type": 0,
              }
            }
            propList={
              [
                "stroke",
                "strokeWidth",
                "strokeLinecap",
                "strokeLinejoin",
              ]
            }
            stroke={
              {
                "payload": 4280163885,
                "type": 0,
              }
            }
            strokeLinecap={1}
            strokeLinejoin={1}
            strokeWidth="1.5"
          />
          <RNSVGPath
            d="M0.75 7.26733L7.22508 0.75L13.7002 7.26733"
            fill={
              {
                "payload": 4278190080,
                "type": 0,
              }
            }
            propList={
              [
                "stroke",
                "strokeWidth",
                "strokeLinecap",
                "strokeLinejoin",
              ]
            }
            stroke={
              {
                "payload": 4280163885,
                "type": 0,
              }
            }
            strokeLinecap={1}
            strokeLinejoin={1}
            strokeWidth="1.5"
          />
        </RNSVGGroup>
      </RNSVGSvgView>
    </View>
    <Text
      style={
        [
          {
            "fontSize": 14,
            "lineHeight": 16,
          },
          {
            "color": "#A2A2A7",
            "fontFamily": "Poppins-Regular",
          },
          {
            "color": "#1E1E2D",
            "fontSize": 13,
            "lineHeight": 15,
            "marginTop": 7,
          },
        ]
      }
    >
      Sent
    </Text>
  </View>
  <View
    accessibilityState={
      {
        "busy": undefined,
        "checked": undefined,
        "disabled": undefined,
        "expanded": undefined,
        "selected": undefined,
      }
    }
    accessibilityValue={
      {
        "max": undefined,
        "min": undefined,
        "now": undefined,
        "text": undefined,
      }
    }
    accessible={true}
    collapsable={false}
    focusable={true}
    onClick={[Function]}
    onResponderGrant={[Function]}
    onResponderMove={[Function]}
    onResponderRelease={[Function]}
    onResponderTerminate={[Function]}
    onResponderTerminationRequest={[Function]}
    onStartShouldSetResponder={[Function]}
    style={
      {
        "alignItems": "center",
        "opacity": 1,
      }
    }
  >
    <View
      style={
        {
          "alignItems": "center",
          "backgroundColor": "#F4F4F4",
          "borderRadius": 27,
          "height": 54,
          "justifyContent": "center",
          "width": 54,
        }
      }
    >
      <RNSVGSvgView
        align="xMidYMid"
        bbHeight={18}
        bbWidth={15}
        fill="none"
        focusable={false}
        height={18}
        meetOrSlice={0}
        minX={0}
        minY={0}
        style={
          [
            {
              "backgroundColor": "transparent",
              "borderWidth": 0,
            },
            {
              "flex": 0,
              "height": 18,
              "width": 15,
            },
          ]
        }
        vbHeight={18}
        vbWidth={15}
        width={15}
      >
        <RNSVGGroup
          fill={null}
          propList={
            [
              "fill",
            ]
          }
        >
          <RNSVGPath
            d="M7.23584 16.9892V0.75"
            fill={
              {
                "payload": 4278190080,
                "type": 0,
              }
            }
            propList={
              [
                "stroke",
                "strokeWidth",
                "strokeLinecap",
                "strokeLinejoin",
              ]
            }
            stroke={
              {
                "payload": 4280163885,
                "type": 0,
              }
            }
            strokeLinecap={1}
            strokeLinejoin={1}
            strokeWidth="1.5"
          />
          <RNSVGPath
            d="M0.75 10.4849L7.22508 17.0022L13.7002 10.4849"
            fill={
              {
                "payload": 4278190080,
                "type": 0,
              }
            }
            propList={
              [
                "stroke",
                "strokeWidth",
                "strokeLinecap",
                "strokeLinejoin",
              ]
            }
            stroke={
              {
                "payload": 4280163885,
                "type": 0,
              }
            }
            strokeLinecap={1}
            strokeLinejoin={1}
            strokeWidth="1.5"
          />
        </RNSVGGroup>
      </RNSVGSvgView>
    </View>
    <Text
      style={
        [
          {
            "fontSize": 14,
            "lineHeight": 16,
          },
          {
            "color": "#A2A2A7",
            "fontFamily": "Poppins-Regular",
          },
          {
            "color": "#1E1E2D",
            "fontSize": 13,
            "lineHeight": 15,
            "marginTop": 7,
          },
        ]
      }
    >
      Receive
    </Text>
  </View>
  <View
    accessibilityState={
      {
        "busy": undefined,
        "checked": undefined,
        "disabled": undefined,
        "expanded": undefined,
        "selected": undefined,
      }
    }
    accessibilityValue={
      {
        "max": undefined,
        "min": undefined,
        "now": undefined,
        "text": undefined,
      }
    }
    accessible={true}
    collapsable={false}
    focusable={true}
    onClick={[Function]}
    onResponderGrant={[Function]}
    onResponderMove={[Function]}
    onResponderRelease={[Function]}
    onResponderTerminate={[Function]}
    onResponderTerminationRequest={[Function]}
    onStartShouldSetResponder={[Function]}
    style={
      {
        "alignItems": "center",
        "opacity": 1,
      }
    }
  >
    <View
      style={
        {
          "alignItems": "center",
          "backgroundColor": "#F4F4F4",
          "borderRadius": 27,
          "height": 54,
          "justifyContent": "center",
          "width": 54,
        }
      }
    >
      <RNSVGSvgView
        align="xMidYMid"
        bbHeight={24}
        bbWidth={24}
        fill="none"
        focusable={false}
        height={24}
        meetOrSlice={0}
        minX={0}
        minY={0}
        style={
          [
            {
              "backgroundColor": "transparent",
              "borderWidth": 0,
            },
            {
              "flex": 0,
              "height": 24,
              "width": 24,
            },
          ]
        }
        vbHeight={24}
        vbWidth={24}
        width={24}
      >
        <RNSVGGroup
          fill={null}
          propList={
            [
              "fill",
            ]
          }
        >
          <RNSVGPath
            d="M12 6V7.5"
            fill={
              {
                "payload": 4278190080,
                "type": 0,
              }
            }
            propList={
              [
                "stroke",
                "strokeWidth",
                "strokeLinecap",
                "strokeLinejoin",
              ]
            }
            stroke={
              {
                "payload": 4280163885,
                "type": 0,
              }
            }
            strokeLinecap={1}
            strokeLinejoin={1}
            strokeWidth="1.4"
          />
          <RNSVGPath
            d="M12 18V16.5"
            fill={
              {
                "payload": 4278190080,
                "type": 0,
              }
            }
            propList={
              [
                "stroke",
                "strokeWidth",
                "strokeLinecap",
                "strokeLinejoin",
              ]
            }
            stroke={
              {
                "payload": 4280163885,
                "type": 0,
              }
            }
            strokeLinecap={1}
            strokeLinejoin={1}
            strokeWidth="1.4"
          />
          <RNSVGPath
            d="M14.9844 9.6C14.9064 8.4288 13.9404 7.5 12.75 7.5H11.106C9.942 7.5 9 8.4432 9 9.606C9 10.572 9.6576 11.4144 10.5936 11.6496L13.4052 12.3552C14.3424 12.5904 14.9988 13.4328 14.9988 14.3988C14.9988 15.5628 14.0556 16.5048 12.8928 16.5048H11.2488C10.056 16.5048 9.09 15.5736 9.0132 14.4"
            fill={
              {
                "payload": 4278190080,
                "type": 0,
              }
            }
            propList={
              [
                "stroke",
                "strokeWidth",
                "strokeLinecap",
                "strokeLinejoin",
              ]
            }
            stroke={
              {
                "payload": 4280163885,
                "type": 0,
              }
            }
            strokeLinecap={1}
            strokeLinejoin={1}
            strokeWidth="1.4"
          />
          <RNSVGPath
            d="M12 0.75C18.2132 0.75 23.25 5.7868 23.25 12C23.25 18.2132 18.2132 23.25 12 23.25C5.7868 23.25 0.75 18.2132 0.75 12C0.75 5.7868 5.7868 0.75 12 0.75Z"
            fill={
              {
                "payload": 4278190080,
                "type": 0,
              }
            }
            propList={
              [
                "stroke",
                "strokeWidth",
              ]
            }
            stroke={
              {
                "payload": 4280163885,
                "type": 0,
              }
            }
            strokeWidth="1.5"
          />
        </RNSVGGroup>
      </RNSVGSvgView>
    </View>
    <Text
      style={
        [
          {
            "fontSize": 14,
            "lineHeight": 16,
          },
          {
            "color": "#A2A2A7",
            "fontFamily": "Poppins-Regular",
          },
          {
            "color": "#1E1E2D",
            "fontSize": 13,
            "lineHeight": 15,
            "marginTop": 7,
          },
        ]
      }
    >
      Loan
    </Text>
  </View>
  <View
    accessibilityState={
      {
        "busy": undefined,
        "checked": undefined,
        "disabled": undefined,
        "expanded": undefined,
        "selected": undefined,
      }
    }
    accessibilityValue={
      {
        "max": undefined,
        "min": undefined,
        "now": undefined,
        "text": undefined,
      }
    }
    accessible={true}
    collapsable={false}
    focusable={true}
    onClick={[Function]}
    onResponderGrant={[Function]}
    onResponderMove={[Function]}
    onResponderRelease={[Function]}
    onResponderTerminate={[Function]}
    onResponderTerminationRequest={[Function]}
    onStartShouldSetResponder={[Function]}
    style={
      {
        "alignItems": "center",
        "opacity": 1,
      }
    }
  >
    <View
      style={
        {
          "alignItems": "center",
          "backgroundColor": "#F4F4F4",
          "borderRadius": 27,
          "height": 54,
          "justifyContent": "center",
          "width": 54,
        }
      }
    >
      <RNSVGSvgView
        align="xMidYMid"
        bbHeight={25}
        bbWidth={24}
        fill="none"
        focusable={false}
        height={25}
        meetOrSlice={0}
        minX={0}
        minY={0}
        style={
          [
            {
              "backgroundColor": "transparent",
              "borderWidth": 0,
            },
            {
              "flex": 0,
              "height": 25,
              "width": 24,
            },
          ]
        }
        vbHeight={25}
        vbWidth={24}
        width={24}
      >
        <RNSVGGroup
          fill={null}
          propList={
            [
              "fill",
            ]
          }
        >
          <RNSVGPath
            d="M11.6484 23.8333V8.33325"
            fill={
              {
                "payload": 4278190080,
                "type": 0,
              }
            }
            propList={
              [
                "stroke",
                "strokeWidth",
                "strokeLinecap",
                "strokeLinejoin",
              ]
            }
            stroke={
              {
                "payload": 4280163885,
                "type": 0,
              }
            }
            strokeLinecap={1}
            strokeLinejoin={1}
            strokeWidth="1.5"
          />
          <RNSVGPath
            d="M7.14844 12.8333L11.6485 8.15234L15.6484 12.8333"
            fill={
              {
                "payload": 4278190080,
                "type": 0,
              }
            }
            propList={
              [
                "stroke",
                "strokeWidth",
                "strokeLinecap",
                "strokeLinejoin",
              ]
            }
            stroke={
              {
                "payload": 4280163885,
                "type": 0,
              }
            }
            strokeLinecap={1}
            strokeLinejoin={1}
            strokeWidth="1.5"
          />
          <RNSVGPath
            d="M15.9817 15.9167H18.755C20.8437 15.9167 22.5467 14.2137 22.5467 12.125C22.5467 10.0363 20.8437 8.33333 18.755 8.33333H18.2837V7.25C18.2837 3.66417 15.3696 0.75 11.7838 0.75C8.55867 0.75 5.885 3.1095 5.378 6.19158C2.80292 6.32267 0.75 8.43408 0.75 11.0417C0.75 13.7338 2.93292 15.9167 5.625 15.9167H7.315"
            fill={
              {
                "payload": 4278190080,
                "type": 0,
              }
            }
            propList={
              [
                "stroke",
                "strokeWidth",
                "strokeLinecap",
                "strokeLinejoin",
              ]
            }
            stroke={
              {
                "payload": 4280163885,
                "type": 0,
              }
            }
            strokeLinecap={1}
            strokeLinejoin={1}
            strokeWidth="1.5"
          />
        </RNSVGGroup>
      </RNSVGSvgView>
    </View>
    <Text
      style={
        [
          {
            "fontSize": 14,
            "lineHeight": 16,
          },
          {
            "color": "#A2A2A7",
            "fontFamily": "Poppins-Regular",
          },
          {
            "color": "#1E1E2D",
            "fontSize": 13,
            "lineHeight": 15,
            "marginTop": 7,
          },
        ]
      }
    >
      Topup
    </Text>
  </View>
</View>
`;
